// Jest Snapshot v1, https://goo.gl/fbAQLP

exports[`SignUp renders consistently to the DOM 1`] = `
<div
  className="signup"
>
  <h1>
    Sign Up
  </h1>
  <form
    className=""
    onSubmit={[Function]}
  >
    <div
      className="form-group"
    >
      <label
        className="form-label"
        htmlFor="username"
      >
        Name
      </label>
      <input
        className="form-control"
        id="username"
        placeholder="Enter email"
        type="text"
      />
    </div>
    <div
      className="form-group"
    >
      <label
        className="form-label"
        htmlFor="email"
      >
        Email address
      </label>
      <input
        className="form-control"
        id="email"
        placeholder="Enter email"
        type="email"
      />
      <small
        className="text-muted form-text"
      >
        We'll never share your email with anyone else.
      </small>
    </div>
    <div
      className="form-group"
    >
      <label
        className="form-label"
        htmlFor="password"
      >
        Password
      </label>
      <input
        className="form-control"
        id="password"
        placeholder="*********"
        type="password"
      />
    </div>
    <div
      className="form-group"
    >
      <label
        className="form-label"
        htmlFor="passwordConfirmation"
      >
        Password Confirmation
      </label>
      <input
        className="form-control"
        id="passwordConfirmation"
        placeholder="*********"
        type="password"
      />
    </div>
    <button
      className="my-3 bg-light border btn btn-default btn-block btn-md"
      disabled={false}
      type="submit"
    >
      Sign Up
    </button>
  </form>
</div>
`;
